// Jest Snapshot v1, https://goo.gl/fbAQLP

exports[`<GridTwoColumn /> should render two colomn grid 1`] = `
.c5 {
  color: #0A1128;
  font-size: 6.4rem;
  text-transform: uppercase;
}

.c2 {
  display: grid;
  grid-template-columns: 1fr 2fr;
  -webkit-align-items: center;
  -webkit-box-align: center;
  -ms-flex-align: center;
  align-items: center;
  gap: 3.2rem;
}

.c2 .c4 {
  margin-bottom: 4.0rem;
}

.c3 h1 {
  font-size: 50px;
  font-weight: bold;
}

.c3 p {
  font-size: 18px;
}

.c0 {
  background: #FFF;
  color: #0A1128;
  min-height: 100vh;
  display: -webkit-box;
  display: -webkit-flex;
  display: -ms-flexbox;
  display: flex;
  -webkit-align-items: center;
  -webkit-box-align: center;
  -ms-flex-align: center;
  align-items: center;
}

.c1 {
  max-width: 120rem;
  margin: 0 auto;
  padding: 3.2rem;
}

.c6 {
  font-size: 2.4rem;
}

@media (max-width:768px) {
  .c5 {
    font-size: 4.0rem;
  }
}

@media (max-width:768px) {
  .c2 {
    grid-template-columns: 1fr;
    text-align: center;
  }
}

@media (max-width:768px) {
  .c3 {
    margin-bottom: 3.2rem;
  }
}

<div>
  <div
    class="c0"
  >
    <div
      class="c1"
    >
      <div
        class="c2"
      >
        <div
          class="c3"
        >
          <h2
            class="c4 c5"
          >
            Grid Two Column
          </h2>
          <div
            class="c6"
          >
            Lorem ipsum dolor sit amet consectetur adipisicing elit. Illum repudiandae similique et eius perspiciatis sed enim culpa sint, accusamus sapiente odio in, non at possimus nostrum dicta iste, reiciendis modi.
          </div>
        </div>
        <div
          class=""
        >
          <img
            alt="Grid Two Column"
            class=""
            src="https://landingpagecursojs.netlify.app/assets/img/javascript.svg"
          />
        </div>
      </div>
    </div>
  </div>
</div>
`;
